2025-03-18 18:22:49 - my_app_logger - INFO - Deleted user file: /home/hafl/fl-tech-design/Projects/Project_kivy_templ_clean/empty_kivy_template/data/users/userfiles/b.json
2025-03-18 18:22:49 - my_app_logger - INFO - Deleted user file: /home/hafl/fl-tech-design/Projects/Project_kivy_templ_clean/empty_kivy_template/data/users/userfiles/c.json
2025-03-18 18:22:49 - my_app_logger - INFO - Deleted user file: /home/hafl/fl-tech-design/Projects/Project_kivy_templ_clean/empty_kivy_template/data/users/userfiles/as.json
2025-03-18 18:22:49 - my_app_logger - INFO - Deleted user file: /home/hafl/fl-tech-design/Projects/Project_kivy_templ_clean/empty_kivy_template/data/users/userfiles/a.json
2025-03-18 18:22:49 - my_app_logger - INFO - User management data reset to default state
2025-03-18 21:56:53 - my_app_logger - INFO - Deleted user file: /home/hafl/fl-tech-design/Projects/Project_kivy_templ_clean/empty_kivy_template/data/users/userfiles/c4.json
2025-03-18 21:56:53 - my_app_logger - INFO - Deleted user file: /home/hafl/fl-tech-design/Projects/Project_kivy_templ_clean/empty_kivy_template/data/users/userfiles/a12.json
2025-03-18 21:56:53 - my_app_logger - INFO - Deleted user file: /home/hafl/fl-tech-design/Projects/Project_kivy_templ_clean/empty_kivy_template/data/users/userfiles/b.json
2025-03-18 21:56:53 - my_app_logger - INFO - Deleted user file: /home/hafl/fl-tech-design/Projects/Project_kivy_templ_clean/empty_kivy_template/data/users/userfiles/aa.json
2025-03-18 21:56:53 - my_app_logger - INFO - Deleted user file: /home/hafl/fl-tech-design/Projects/Project_kivy_templ_clean/empty_kivy_template/data/users/userfiles/a2.json
2025-03-18 21:56:53 - my_app_logger - INFO - Deleted user file: /home/hafl/fl-tech-design/Projects/Project_kivy_templ_clean/empty_kivy_template/data/users/userfiles/c.json
2025-03-18 21:56:53 - my_app_logger - INFO - Deleted user file: /home/hafl/fl-tech-design/Projects/Project_kivy_templ_clean/empty_kivy_template/data/users/userfiles/a.json
2025-03-18 21:56:53 - my_app_logger - INFO - User management data reset to default state
2025-03-19 22:45:12 - my_app_logger - INFO - Deleted user file: /home/hafl/fl-tech-design/Projects/Project_kivy_templ_clean/empty_kivy_template/data/users/userfiles/ab.json
2025-03-19 22:45:12 - my_app_logger - INFO - Deleted user file: /home/hafl/fl-tech-design/Projects/Project_kivy_templ_clean/empty_kivy_template/data/users/userfiles/bq1.json
2025-03-19 22:45:12 - my_app_logger - INFO - Deleted user file: /home/hafl/fl-tech-design/Projects/Project_kivy_templ_clean/empty_kivy_template/data/users/userfiles/an.json
2025-03-19 22:45:12 - my_app_logger - INFO - Deleted user file: /home/hafl/fl-tech-design/Projects/Project_kivy_templ_clean/empty_kivy_template/data/users/userfiles/b.json
2025-03-19 22:45:12 - my_app_logger - INFO - Deleted user file: /home/hafl/fl-tech-design/Projects/Project_kivy_templ_clean/empty_kivy_template/data/users/userfiles/a.json
2025-03-19 22:45:12 - my_app_logger - INFO - Deleted user file: /home/hafl/fl-tech-design/Projects/Project_kivy_templ_clean/empty_kivy_template/data/users/userfiles/ac.json
2025-03-19 22:45:12 - my_app_logger - INFO - Deleted user file: /home/hafl/fl-tech-design/Projects/Project_kivy_templ_clean/empty_kivy_template/data/users/userfiles/a11.json
2025-03-19 22:45:12 - my_app_logger - INFO - Deleted user file: /home/hafl/fl-tech-design/Projects/Project_kivy_templ_clean/empty_kivy_template/data/users/userfiles/av.json
2025-03-19 22:45:12 - my_app_logger - INFO - Deleted user file: /home/hafl/fl-tech-design/Projects/Project_kivy_templ_clean/empty_kivy_template/data/users/userfiles/a1.json
2025-03-19 22:45:12 - my_app_logger - INFO - Deleted user file: /home/hafl/fl-tech-design/Projects/Project_kivy_templ_clean/empty_kivy_template/data/users/userfiles/b1.json
2025-03-19 22:45:12 - my_app_logger - INFO - Deleted user file: /home/hafl/fl-tech-design/Projects/Project_kivy_templ_clean/empty_kivy_template/data/users/userfiles/aq.json
2025-03-19 22:45:12 - my_app_logger - INFO - User management data reset to default state
2025-03-22 12:45:16 - my_app_logger - INFO - Deleted user file: /home/hafl/fl-tech-design/Projects/Project_kivy_templ_clean/empty_kivy_template/data/users/userfiles/a.json
2025-03-22 12:45:16 - my_app_logger - INFO - User management data reset to default state
2025-03-22 21:55:11 - my_app_logger - INFO - Deleted user file: /home/hafl/fl-tech-design/Projects/Project_kivy_templ_clean/empty_kivy_template/data/users/userfiles/b.json
2025-03-22 21:55:11 - my_app_logger - INFO - User management data reset to default state
2025-03-22 21:58:18 - my_app_logger - INFO - Deleted user file: /home/hafl/fl-tech-design/Projects/Project_kivy_templ_clean/empty_kivy_template/data/users/userfiles/a.json
2025-03-22 21:58:18 - my_app_logger - INFO - User management data reset to default state
